// Jest Snapshot v1, https://goo.gl/fbAQLP

exports[`Given the Tag component When it is rendered Then matches the previous snapshot 1`] = `
<div>
  <div
    class="badge-phenotype"
    data-testid="badge-test"
  >
    test
  </div>
</div>
`;
