// Jest Snapshot v1, https://goo.gl/fbAQLP

exports[`Given the ErrorModal component When it is rendered Then matches the previous snapshot 1`] = `
<div
  class="modal-open"
  style=""
>
  <div
    class="fade modal-backdrop show"
  />
  <div
    aria-labelledby="contained-modal-title-vcenter"
    aria-modal="true"
    class="fade modal show"
    role="dialog"
    style="display: block;"
    tabindex="-1"
  >
    <div
      class="modal-dialog modal-dialog-centered"
      variant="error"
    >
      <div
        class="modal-content"
      >
        <div
          class="modal-header"
        >
          <div
            class="modal-title h4"
            data-testid="modal-header"
            id="contained-modal-title-vcenter"
          >
            Oops! Something went wrong!
          </div>
        </div>
        <div
          class="gray800-14 css-1axlqcz-AlertModal modal-body"
          data-testid="modal-body"
        >
          This issue has been automatically reported to our team!
          <br />
          If this issue continues, please contact support by clicking 
          <a
            href="http://localhost:3001/HDRUKGatewaySupportPortal"
          >
            here.
          </a>
        </div>
        <div
          class="css-n34xqh-AlertModal modal-footer"
          data-testid="modal-footer"
        >
          <button
            class="btn btn-primary"
            data-testid="close-button"
            type="button"
          >
            Close
          </button>
        </div>
      </div>
    </div>
  </div>
</div>
`;
