// Jest Snapshot v1, https://goo.gl/fbAQLP

exports[`Given the ActionBarStatus component When it is rendered Then matches the previous snapshot 1`] = `
<div>
  <div
    class="action-bar-status ui-ActionBarStatus additional-className css-1ctemxb"
  >
    This version was published on 28 September 2021
  </div>
</div>
`;
