// Jest Snapshot v1, https://goo.gl/fbAQLP

exports[`Given the Typeahead component When it is rendered without default value Then should match the snapshot 1`] = `
<div>
  <div>
    <div />
  </div>
</div>
`;
