// Jest Snapshot v1, https://goo.gl/fbAQLP

exports[`Given the AccountDatasets component When it is rendered Then matches the previous snapshot 1`] = `
<div>
  <div>
    
    <div
      class="ui-LayoutContent row"
    >
      <div
        class="ui-LayoutContent--left col-1"
      />
      <div
        class="ui-LayoutContent--content col-10"
      >
        <div
          class="accountHeader"
        >
          <div
            class="row"
          >
            <div
              class="col-md-8 col-sm-12"
            >
              <div>
                <span
                  class="black-20"
                >
                  Datasets
                </span>
              </div>
              <div>
                <span
                  class="gray700-13 "
                >
                  View, add, edit, archive and check the status of your datasets.
                </span>
              </div>
            </div>
            <div
              class="col-md-4 col-sm-12"
              style="text-align: right;"
            >
              <button
                class="addButton btn btn-primary"
                type="button"
              >
                + Add a new dataset
              </button>
            </div>
          </div>
        </div>
        <button>
          Select tab
        </button>
        <button>
          Submit
        </button>
      </div>
      <div
        class="ui-LayoutContent--right col-1"
      />
    </div>
  </div>
</div>
`;
