// Jest Snapshot v1, https://goo.gl/fbAQLP

exports[`Given the ActivityLogCard component When it is rendered Then matches the previous snapshot 1`] = `
<div>
  <div
    class="row"
  >
    <div
      class="col-md-12"
    >
      <div
        class="layoutCard"
      >
        <div
          class="css-1rfjxm6-ActivityLogCard"
        >
          <div
            class="css-1s3f5pl-ActivityLogCard row"
          >
            <div
              class="col-lg-6 col-sm-6"
              data-testid="version-title"
            >
              <h1>
                Version 2
              </h1>
              <span
                class="gray800-14"
              >
                datetime.submitted
              </span>
            </div>
            <div
              class="col-lg-6 col-sm-6"
            >
              <span
                class="css-zlbsue-ActivityLogCard"
                data-testid="status"
              >
                <div
                  class="sla sla-green"
                >
                  Live
                </div>
              </span>
            </div>
          </div>
          <ul
            class="ui-Timeline css-1sivg29 css-1rag44v-Timeline"
          >
            <li
              class="css-f5erw7"
            >
              <div
                class="css-z67izj"
              >
                <div
                  class="timeline-icon css-1vyp46c"
                >
                  <div />
                </div>
                <div
                  class="css-1pfaqp5"
                >
                  <time
                    data-testid="event-time-0"
                    datetime="14:50"
                  >
                    14:50
                  </time>
                </div>
              </div>
              <div
                class="css-obendf"
              >
                <div>
                  <div
                    class="mb-3"
                  >
                    datasetVersionApproved
                  </div>
                  <blockquote
                    class="ui-Blockquote css-1sivg29 css-1ta6g32-BlockQuote"
                  >
                    <h6
                      class="mb-3 gray800"
                    >
                      comment
                    </h6>
                    <p
                      class="mb-0"
                    >
                      Approved with minor changes!
                    </p>
                  </blockquote>
                </div>
              </div>
            </li>
            <li
              class="css-f5erw7"
            >
              <div
                class="css-z67izj"
              >
                <div
                  class="timeline-icon css-1vyp46c"
                >
                  <div />
                </div>
                <div
                  class="css-1pfaqp5"
                >
                  <time
                    data-testid="event-time-1"
                    datetime="14:50"
                  >
                    14:50
                  </time>
                </div>
              </div>
              <div
                class="css-obendf"
              >
                <div>
                  <div
                    class="mb-3"
                  >
                    datasetUpdatesSubmitted
                  </div>
                  <div
                    data-testid="event-detailed-text-1-0"
                  >
                    <blockquote
                      class="ui-Blockquote css-1sivg29 css-1ta6g32-BlockQuote"
                    >
                      <h6
                        class="mb-3 gray800"
                      >
                        Summary
                      </h6>
                      <ul
                        class="ui-ListInfo css-1sivg29 css-1jupbku-ListInfo"
                      >
                        <li
                          class="css-oc8kcp"
                        >
                          <div
                            class="css-112bk1i"
                          >
                            question
                          </div>
                          <div>
                            Abstract
                          </div>
                        </li>
                        <li
                          class="css-oc8kcp"
                        >
                          <div
                            class="css-112bk1i"
                          >
                            previousAnswer
                          </div>
                          <div>
                            test
                          </div>
                        </li>
                        <li
                          class="css-oc8kcp"
                        >
                          <div
                            class="css-112bk1i"
                          >
                            updatedAnswer
                          </div>
                          <div>
                            I have changed the abstract!
                          </div>
                        </li>
                      </ul>
                    </blockquote>
                  </div>
                  <div
                    data-testid="event-detailed-text-1-1"
                  >
                    <blockquote
                      class="ui-Blockquote css-1sivg29 css-1ta6g32-BlockQuote"
                    >
                      <h6
                        class="mb-3 gray800"
                      >
                        Provenance | Temporal
                      </h6>
                      <ul
                        class="ui-ListInfo css-1sivg29 css-1jupbku-ListInfo"
                      >
                        <li
                          class="css-oc8kcp"
                        >
                          <div
                            class="css-112bk1i"
                          >
                            question
                          </div>
                          <div>
                            Distribution Release Date
                          </div>
                        </li>
                        <li
                          class="css-oc8kcp"
                        >
                          <div
                            class="css-112bk1i"
                          >
                            previousAnswer
                          </div>
                          <div />
                        </li>
                        <li
                          class="css-oc8kcp"
                        >
                          <div
                            class="css-112bk1i"
                          >
                            updatedAnswer
                          </div>
                          <div>
                            02/11/2021
                          </div>
                        </li>
                      </ul>
                    </blockquote>
                  </div>
                </div>
              </div>
            </li>
            <li
              class="css-f5erw7"
            >
              <div
                class="css-z67izj"
              >
                <div
                  class="timeline-icon css-1vyp46c"
                >
                  <div />
                </div>
                <div
                  class="css-1pfaqp5"
                >
                  <time
                    data-testid="event-time-2"
                    datetime="14:49"
                  >
                    14:49
                  </time>
                </div>
              </div>
              <div
                class="css-obendf"
              >
                <div>
                  <div
                    class="mb-3"
                  >
                    newDatasetVersionSubmitted
                  </div>
                </div>
              </div>
            </li>
          </ul>
        </div>
      </div>
    </div>
  </div>
</div>
`;
