// Jest Snapshot v1, https://goo.gl/fbAQLP

exports[`Given the CustomiseDAREditGuidance component When it is rendered Should match the snapshot 1`] = `undefined`;
