// Jest Snapshot v1, https://goo.gl/fbAQLP

exports[`Given the Icon component When it is from a file Then matches the previous snapshot 1`] = `
<div>
  <span
    class="ui-Icon css-1sivg29 css-1nyc6qc-Icon"
  >
    Application_approved
  </span>
</div>
`;
