// Jest Snapshot v1, https://goo.gl/fbAQLP

exports[`Given the DatasetAboutCard component When it is rendered Then matches the previous snapshot 1`] = `
<div>
  <div
    class="mt-1 row"
  >
    <div
      class="col-sm-12"
    >
      <div
        class="rectangle"
      >
        <div
          class="gray800-14-bold row"
        >
          <div
            class="mb-1 col-sm-12"
          >
            <span
              data-testid="documentation-header"
            >
              Documentation
            </span>
          </div>
        </div>
        <div
          class="mt-3 row"
        >
          <div
            class="gray800-14 overflowWrap col-sm-12"
          >
            <span
              class="gray800-14"
              data-testid="documentation-description"
            >
              <p>
                Test documentaion
              </p>
            </span>
          </div>
        </div>
        <span
          data-testid="documentation-assocmedia"
        >
          <div>
            <div
              class="mt-2 row"
            >
              <div
                class="gray800-14 col-sm-3"
              >
                Associated Media
              </div>
              <div
                class="col-sm-1"
              >
                <span>
                  <iconmock
                    id="datasetTooltipSvg"
                  />
                </span>
              </div>
              <div
                class="gray800-14 v2Value col-sm-8"
              >
                 
                
                 
                <a
                  href="https://test.com"
                >
                  https://test.com
                </a>
                 
                , 
                 
                <a
                  href="https://www.bbc.co.uk/news"
                >
                  https://www.bbc.co.uk/news
                </a>
              </div>
            </div>
          </div>
        </span>
        <span
          data-testid="documentation-ispartof"
        >
          <div>
            <div
              class="mt-2 row"
            >
              <div
                class="gray800-14 col-sm-3"
              >
                Is part of
              </div>
              <div
                class="col-sm-1"
              >
                <span>
                  <iconmock
                    id="datasetTooltipSvg"
                  />
                </span>
              </div>
              <div
                class="gray800-14 v2Value col-sm-8"
              >
                test part 
              </div>
            </div>
          </div>
        </span>
      </div>
    </div>
  </div>
</div>
`;
