// Jest Snapshot v1, https://goo.gl/fbAQLP

exports[`Given the Checkbox component When it is rendered Then matches the previous snapshot 1`] = `
<div>
  <div
    class="additional-classname css-1sivg29 ui-CheckboxTree css-p4558p-CheckboxTree"
  >
    <div />
  </div>
</div>
`;
