// Jest Snapshot v1, https://goo.gl/fbAQLP

exports[`Given the AccountDataset component When it is rendered Then has the correct number of versions 1`] = `
<div>
  <div
    class="row"
  >
    <div
      class="col-1"
    />
    <div
      class="col-10"
    >
      <div />
      <div
        class="row"
      >
        <div
          class="col-md-12"
        >
          <div
            class="layoutCard mb-0"
          >
            <div
              class="datasetHeader mb-0 mt-2"
            >
              <div
                class="datasetHeader-title"
              >
                <h1>
                  Version 4.0.0
                </h1>
              </div>
              <div
                class="datasetHeader-status"
              >
                <div
                  class="sla sla-red"
                >
                  Rejected
                </div>
              </div>
            </div>
            <div
              class="body"
            >
              Text goes here
            </div>
          </div>
        </div>
      </div>
      <div
        class="row"
      >
        <div
          class="col-md-12"
        >
          <div
            class="layoutCard mb-0"
          >
            <div
              class="datasetHeader mb-0 mt-2"
            >
              <div
                class="datasetHeader-title"
              >
                <h1>
                  Version 3.0.0
                </h1>
              </div>
              <div
                class="datasetHeader-status"
              >
                <div
                  class="sla sla-gray"
                >
                  Archived
                </div>
              </div>
            </div>
            <div
              class="body"
            >
              Text goes here
            </div>
          </div>
        </div>
      </div>
      <div
        class="row"
      >
        <div
          class="col-md-12"
        >
          <div
            class="layoutCard mb-0"
          >
            <div
              class="datasetHeader mb-0 mt-2"
            >
              <div
                class="datasetHeader-title"
              >
                <h1>
                  Version 2.0.0
                </h1>
              </div>
              <div
                class="datasetHeader-status"
              >
                <div
                  class="sla sla-red"
                >
                  Rejected
                </div>
              </div>
            </div>
            <div
              class="body"
            >
              Text goes here
            </div>
          </div>
        </div>
      </div>
      <div
        class="row"
      >
        <div
          class="col-md-12"
        >
          <div
            class="layoutCard mb-0"
          >
            <div
              class="datasetHeader mb-0 mt-2"
            >
              <div
                class="datasetHeader-title"
              >
                <h1>
                  Version 1.0.0
                </h1>
              </div>
              <div
                class="datasetHeader-status"
              >
                <div
                  class="sla sla-gray"
                >
                  Archived
                </div>
              </div>
            </div>
            <div
              class="body"
            >
              Text goes here
            </div>
          </div>
        </div>
      </div>
      <div
        class="actionBar"
      >
        <div
          class="action-bar-actions"
        >
          <button
            class="btn btn-light"
            type="button"
          >
            Next
          </button>
        </div>
      </div>
    </div>
    <div
      class="col-1"
    />
  </div>
</div>
`;

exports[`Given the AccountDataset component When it is rendered Then matches the previous snapshot 1`] = `
<div>
  <div
    class="row"
  >
    <div
      class="col-1"
    />
    <div
      class="col-10"
    >
      <div />
      <div
        class="row"
      >
        <div
          class="col-md-12"
        >
          <div
            class="layoutCard mb-0"
          >
            <div
              class="datasetHeader mb-0 mt-2"
            >
              <div
                class="datasetHeader-title"
              >
                <h1>
                  Version 4.0.0
                </h1>
              </div>
              <div
                class="datasetHeader-status"
              >
                <div
                  class="sla sla-red"
                >
                  Rejected
                </div>
              </div>
            </div>
            <div
              class="body"
            >
              Text goes here
            </div>
          </div>
        </div>
      </div>
      <div
        class="row"
      >
        <div
          class="col-md-12"
        >
          <div
            class="layoutCard mb-0"
          >
            <div
              class="datasetHeader mb-0 mt-2"
            >
              <div
                class="datasetHeader-title"
              >
                <h1>
                  Version 3.0.0
                </h1>
              </div>
              <div
                class="datasetHeader-status"
              >
                <div
                  class="sla sla-gray"
                >
                  Archived
                </div>
              </div>
            </div>
            <div
              class="body"
            >
              Text goes here
            </div>
          </div>
        </div>
      </div>
      <div
        class="row"
      >
        <div
          class="col-md-12"
        >
          <div
            class="layoutCard mb-0"
          >
            <div
              class="datasetHeader mb-0 mt-2"
            >
              <div
                class="datasetHeader-title"
              >
                <h1>
                  Version 2.0.0
                </h1>
              </div>
              <div
                class="datasetHeader-status"
              >
                <div
                  class="sla sla-red"
                >
                  Rejected
                </div>
              </div>
            </div>
            <div
              class="body"
            >
              Text goes here
            </div>
          </div>
        </div>
      </div>
      <div
        class="row"
      >
        <div
          class="col-md-12"
        >
          <div
            class="layoutCard mb-0"
          >
            <div
              class="datasetHeader mb-0 mt-2"
            >
              <div
                class="datasetHeader-title"
              >
                <h1>
                  Version 1.0.0
                </h1>
              </div>
              <div
                class="datasetHeader-status"
              >
                <div
                  class="sla sla-gray"
                >
                  Archived
                </div>
              </div>
            </div>
            <div
              class="body"
            >
              Text goes here
            </div>
          </div>
        </div>
      </div>
      <div
        class="actionBar"
      >
        <div
          class="action-bar-actions"
        >
          <button
            class="btn btn-light"
            type="button"
          >
            Next
          </button>
        </div>
      </div>
    </div>
    <div
      class="col-1"
    />
  </div>
</div>
`;
