// Jest Snapshot v1, https://goo.gl/fbAQLP

exports[`Given the Dataset component When it is rendered Then matches the previous snapshot 1`] = `
<div>
  <div
    class="noMargin row"
  >
    <div
      class="pad-left-24 col-lg-10 col-sm-10"
    >
      <span
        class="black-bold-16"
        data-testid="title-dataset-c1f4b16c-9dfa-48e5-94ee-f0aa58c270e4"
      >
         
        COVID-19 Symptom Tracker Dataset
      </span>
      <br />
      <span>
        <svg
          class="svg-16 mr-2"
          data-testid="shield"
          height="100%"
          viewBox="0 0 16 16"
          width="100%"
          xmlns="http://www.w3.org/2000/svg"
          xmlns:xlink="http://www.w3.org/1999/xlink"
        >
          <path
            d="M12.3261058,2.07122417 L19.5281873,5.59851616 C19.8057242,5.70704822 20,5.96481187 20,6.26327504 C20,9.92623211 19.5004337,12.7616322 18.3070252,15.1222046 C17.0997398,17.4963434 15.1986123,19.354955 12.39549,21.0779014 C12.1595837,21.2406995 11.8404163,21.2406995 11.60451,21.0779014 C8.80138768,19.354955 6.90026019,17.4963434 5.69297485,15.1222046 C4.49956635,12.7616322 4,9.92623211 4,6.26327504 C4,5.96481187 4.1942758,5.70704822 4.47181266,5.59851616 L11.6738942,2.07122417 C11.8820468,1.97625861 12.1179532,1.97625861 12.3261058,2.07122417 Z M15.7420192,8.13460125 C15.4508655,7.9188202 15.0313953,7.96896159 14.8051062,8.24659519 L14.8051062,8.24659519 L10.5990074,13.4053166 L9.13091008,12.0053922 C8.86906899,11.7642411 8.45285947,11.7676899 8.19545276,12.0131436 C7.93804606,12.2585973 7.93442931,12.6554796 8.18732389,12.9051618 L8.18732389,12.9051618 L10.1892748,14.8141496 C10.3143919,14.9334927 10.4840989,15.0005941 10.6610679,15.0005941 L10.6610679,15.0005941 L10.7024415,15.0005941 C10.8938706,14.9891006 11.0708571,14.8996165 11.1882483,14.754971 L11.1882483,14.754971 L15.859467,9.02800754 C16.0857561,8.75037392 16.0331729,8.35038231 15.7420192,8.13460125 Z"
            fill="#475da7"
          />
        </svg>
      </span>
      <span
        class="gray800-14 css-1oddrib-Dataset"
        data-testid="publisher-SAIL"
      >
         
        SAIL
         
      </span>
    </div>
    <div
      class="pad-right-24 col-lg-2 col-sm-2"
    >
      <div
        class="datasetLogoCircle floatRight css-x0fehg-Dataset"
        data-testid="publisher-logo"
      />
    </div>
    <div
      class="pad-left-24 pad-right-24 pad-top-16 col-lg-12 col-sm-12"
    >
      <div
        class="badge-dataset"
        data-testid="badge-Datasets"
      >
        <svg
          class="badgeSvg mr-2"
          data-testid="dataseticon"
          height="100%"
          viewBox="-2 -2 22 22"
          width="100%"
          xmlns="http://www.w3.org/2000/svg"
          xmlns:xlink="http://www.w3.org/1999/xlink"
        >
          <path
            d="M12,0 C17.5202663,0 22,1.49324457 22,4 L22,4 L22,20 C22,22.5402768 17.5868833,24 12,24 C6.52266339,24 2.17351467,22.5969596 2.00506568,20.1481789 L2,20 L2,4 L2.00514101,3.8537164 C2.17607588,1.43526006 6.58797422,0 12,0 Z M12,16 C8.70211768,16 5.81322554,15.4913704 3.99960013,14.5520997 L4,20 C4,20.8366463 7.5171159,22 12,22 C16.378631,22 19.8358909,20.8901266 19.9943256,20.058882 L20,20 L20.000751,14.5519178 C18.1871473,15.4913048 15.2980952,16 12,16 Z M4,12 C4,12.8366463 7.5171159,14 12,14 C16.378631,14 19.8358909,12.8901266 19.9943256,12.058882 L20,12 L20.0011286,6.52711098 C18.1763026,7.47577408 15.2707986,8 12,8 C8.7298061,8 5.82477173,7.47596789 3.99988365,6.52763709 L4,12 Z M12,2 L11.6929681,2.00191586 C7.41460485,2.05528174 4,3.21181328 4,4 C4,4.80695307 7.5791408,6 12,6 C16.4208592,6 20,4.80695307 20,4 C20,3.19304693 16.4208592,2 12,2 L12,2 Z"
            fill="#113328"
          />
        </svg>
        <span>
          Datasets
        </span>
        <span />
      </div>
      <div
        class="badge-tag"
        data-testid="badge-COVID-19"
      >
        <span>
          COVID-19
        </span>
        <span />
      </div>
      <div
        class="badge-tag"
        data-testid="badge-TRACKER"
      >
        <span>
          TRACKER
        </span>
        <span />
      </div>
      <div
        class="badge-tag"
        data-testid="badge-SAIL"
      >
        <span>
          SAIL
        </span>
        <span />
      </div>
      <div
        class="badge-tag"
        data-testid="badge-COVID"
      >
        <span>
          COVID
        </span>
        <span />
      </div>
      <div
        class="badge-tag"
        data-testid="badge-MOBILE APP"
      >
        <span>
          MOBILE APP
        </span>
        <span />
      </div>
      <div
        class="badge-tag"
        data-testid="badge-CORONAVIRUS"
      >
        <span>
          CORONAVIRUS
        </span>
        <span />
      </div>
      <div
        class="badge-tag"
        data-testid="badge-SYMPTOM"
      >
        <span>
          SYMPTOM
        </span>
        <span />
      </div>
      <div
        class="badge-tag"
        data-testid="badge-NCS"
      >
        <span>
          NCS
        </span>
        <span />
      </div>
      <div
        class="badge-tag"
        data-testid="badge-National Core Study"
      >
        <span>
          National Core Study
        </span>
        <span />
      </div>
    </div>
    <div
      class="pad-left-24 pad-right-24 pad-top-24 pad-bottom-16 col-lg-12 col-sm-12"
    >
      <span
        class="gray800-14"
        data-testid="dataset-description"
      >
        This is a test dataset abstract
      </span>
    </div>
  </div>
</div>
`;
